// Jest Snapshot v1, https://goo.gl/fbAQLP

exports[`App should render correctly 1`] = `
<Fragment>
  <Page
    breadcrumb={null}
    className=""
    header={<Header />}
    isManagedSidebar={false}
    onPageResize={[Function]}
    sidebar={null}
    skipToContent={null}
  >
    <Background />
    <PageSection
      style={
        Object {
          "display": "flex",
          "flexDirection": "column",
          "height": "100%",
          "overflowY": "auto",
          "position": "relative",
        }
      }
    >
      <Connect(Alerts) />
      <Switch>
        <Route
          component={
            Object {
              "$$typeof": Symbol(react.memo),
              "WrappedComponent": [Function],
              "compare": null,
              "displayName": "Connect(SkillsPage)",
              "type": [Function],
            }
          }
          exact={true}
          path="/skills"
        />
        <Route
          component={
            Object {
              "$$typeof": Symbol(react.memo),
              "WrappedComponent": [Function],
              "compare": null,
              "displayName": "Connect(SpotsPage)",
              "type": [Function],
            }
          }
          exact={true}
          path="/spots"
        />
        <Route
          component={
            Object {
              "$$typeof": Symbol(react.memo),
              "WrappedComponent": [Function],
              "compare": null,
              "displayName": "Connect(ContractsPage)",
              "type": [Function],
            }
          }
          exact={true}
          path="/contracts"
        />
        <Route
          component={
            Object {
              "$$typeof": Symbol(react.memo),
              "WrappedComponent": [Function],
              "compare": null,
              "displayName": "Connect(EmployeesPage)",
              "type": [Function],
            }
          }
          exact={true}
          path="/employees"
        />
        <Route
          component={
            Object {
              "$$typeof": Symbol(react.memo),
              "WrappedComponent": [Function],
              "compare": null,
              "displayName": "Connect(ShiftRosterPage)",
              "type": [Function],
            }
          }
          exact={true}
          path="/shift"
        />
        <Route
          component={
            Object {
              "$$typeof": Symbol(react.memo),
              "WrappedComponent": [Function],
              "compare": null,
              "displayName": "Connect(AvailabilityRosterPage)",
              "type": [Function],
            }
          }
          exact={true}
          path="/availability"
        />
        <Route
          component={
            Object {
              "$$typeof": Symbol(react.memo),
              "WrappedComponent": [Function],
              "compare": null,
              "displayName": "Connect(Component)",
              "type": [Function],
            }
          }
          exact={true}
          path="/rotation"
        />
      </Switch>
    </PageSection>
  </Page>
</Fragment>
`;
