// Jest Snapshot v1, https://goo.gl/fbAQLP

exports[`Employees page should render correctly with a few employees 1`] = `
<div>
  <div>
    <FileUpload
      dropzoneProps={
        Object {
          "accept": ".xlsx",
        }
      }
      id="file"
      name="file"
      onChange={[Function]}
    />
  </div>
  <Level
    gutter="sm"
    style={
      Object {
        "backgroundColor": "var(--pf-global--BackgroundColor--200)",
        "padding": "5px 5px 5px 5px",
      }
    }
  >
    <LevelItem>
      <FilterComponent
        filterText=""
        onChange={[Function]}
      />
    </LevelItem>
    <LevelItem
      style={
        Object {
          "display": "flex",
        }
      }
    >
      <Component
        isDisabled={false}
        onClick={[Function]}
      >
        Trans(i18nKey=add)
      </Component>
      <Component
        itemCount={2}
        onPerPageSelect={[Function]}
        onSetPage={[Function]}
        page={1}
        perPage={10}
        widgetId="pagination-options-menu-top"
      />
    </LevelItem>
  </Level>
  <Component
    caption="Employees"
    cells={
      Array [
        Object {
          "cellTransforms": Array [
            [Function],
          ],
          "props": Object {},
          "title": "Name",
          "transforms": Array [
            [Function],
          ],
        },
        Object {
          "cellTransforms": Array [
            [Function],
          ],
          "props": Object {},
          "title": "Contract",
          "transforms": Array [
            [Function],
          ],
        },
        Object {
          "cellTransforms": Array [
            [Function],
          ],
          "props": Object {},
          "title": "Skill Set",
          "transforms": undefined,
        },
        Object {
          "cellTransforms": Array [
            [Function],
          ],
          "props": Object {},
          "title": "",
          "transforms": undefined,
        },
      ]
    }
    onSort={[Function]}
    rows={
      Array [
        Object {
          "cells": Array [
            Object {
              "title": <EditableComponent
                editor={
                  <ForwardRef
                    aria-label="Name"
                    defaultValue="Employee 1"
                    name="name"
                    onChange={[Function]}
                  />
                }
                isEditing={false}
                viewer={
                  <span
                    style={
                      Object {
                        "display": "grid",
                        "gridTemplateColumns": "max-content min-content",
                      }
                    }
                  >
                    <Text>
                      Employee 1
                    </Text>
                    <Unknown
                      onClick={[Function]}
                      variant="link"
                    >
                      <ArrowIcon
                        color="currentColor"
                        noVerticalAlign={false}
                        size="sm"
                        title={null}
                      />
                    </Unknown>
                  </span>
                }
              />,
            },
            Object {
              "title": <EditableComponent
                editor={
                  <StatefulTypeaheadSelectInput
                    emptyText="Trans(i18nKey=selectAContract)"
                    onChange={[Function]}
                    optionToStringMap={[Function]}
                    options={
                      Array [
                        Object {
                          "id": 0,
                          "maximumMinutesPerDay": null,
                          "maximumMinutesPerMonth": null,
                          "maximumMinutesPerWeek": null,
                          "maximumMinutesPerYear": null,
                          "name": "Contract 1",
                          "tenantId": 0,
                          "version": 0,
                        },
                        Object {
                          "id": 1,
                          "maximumMinutesPerDay": null,
                          "maximumMinutesPerMonth": null,
                          "maximumMinutesPerWeek": null,
                          "maximumMinutesPerYear": null,
                          "name": "Contract 2",
                          "tenantId": 0,
                          "version": 0,
                        },
                      ]
                    }
                    value={
                      Object {
                        "id": 0,
                        "maximumMinutesPerDay": null,
                        "maximumMinutesPerMonth": null,
                        "maximumMinutesPerWeek": null,
                        "maximumMinutesPerYear": null,
                        "name": "Contract 1",
                        "tenantId": 0,
                        "version": 0,
                      }
                    }
                  />
                }
                isEditing={false}
                viewer={
                  <Text>
                    Contract 1
                  </Text>
                }
              />,
            },
            Object {
              "title": <EditableComponent
                editor={
                  <StatefulMultiTypeaheadSelectInput
                    emptyText="Trans(i18nKey=selectSkillProficiencies)"
                    onChange={[Function]}
                    optionToStringMap={[Function]}
                    options={
                      Array [
                        Object {
                          "name": "Skill 1",
                          "tenantId": 0,
                        },
                        Object {
                          "name": "Skill 2",
                          "tenantId": 0,
                        },
                      ]
                    }
                    value={Array []}
                  />
                }
                isEditing={false}
                viewer={
                  <ChipGroup
                    className=""
                    collapsedText="\${remaining} more"
                    defaultIsOpen={false}
                    expandedText="Show Less"
                    numChips={3}
                    withToolbar={false}
                  />
                }
              />,
            },
            Object {
              "title": <EditableComponent
                editor={
                  <StatefulTypeaheadSelectInput
                    emptyText="Trans(i18nKey=enterCovidRisk)"
                    onChange={[Function]}
                    optionToStringMap={[Function]}
                    options={
                      Array [
                        "INOCULATED",
                        "LOW",
                        "MODERATE",
                        "HIGH",
                        "EXTREME",
                      ]
                    }
                    value="INOCULATED"
                    valueComponent={[Function]}
                  />
                }
                isEditing={false}
                viewer={
                  <span>
                    <span>
                      <img
                        alt=""
                        height={30}
                        src="/assets/images/inoculated.svg"
                        style={
                          Object {
                            "backgroundImage": "radial-gradient(circle, white 0%, #eeeeec 90%, transparent 95%)",
                            "borderRadius": "50%",
                            "height": 30,
                            "maxHeight": 30,
                            "maxWidth": 30,
                            "padding": "2px",
                            "width": 30,
                          }
                        }
                        width={30}
                      />
                    </span>
                    <Text>
                      Trans(i18nKey=CovidRisk.INOCULATED)
                    </Text>
                  </span>
                }
              />,
            },
            Object {
              "title": <EditableComponent
                editor={
                  <span
                    style={
                      Object {
                        "display": "grid",
                        "gridColumnGap": "5px",
                        "gridTemplateColumns": "1fr auto auto",
                      }
                    }
                  >
                    <span />
                    <Unknown
                      aria-label="Save"
                      onClick={[Function]}
                      variant="link"
                    >
                      <SaveIcon
                        color="currentColor"
                        noVerticalAlign={false}
                        size="sm"
                        title={null}
                      />
                    </Unknown>
                    <Unknown
                      aria-label="Cancel"
                      onClick={[Function]}
                      variant="link"
                    >
                      <CloseIcon
                        color="currentColor"
                        noVerticalAlign={false}
                        size="sm"
                        title={null}
                      />
                    </Unknown>
                  </span>
                }
                isEditing={false}
                viewer={
                  <span
                    style={
                      Object {
                        "display": "grid",
                        "gridColumnGap": "5px",
                        "gridTemplateColumns": "1fr auto auto",
                      }
                    }
                  >
                    <span />
                    <Unknown
                      aria-label="Edit"
                      onClick={[Function]}
                      variant="link"
                    >
                      <EditIcon
                        color="currentColor"
                        noVerticalAlign={false}
                        size="sm"
                        title={null}
                      />
                    </Unknown>
                    <Unknown
                      aria-label="Delete"
                      onClick={[Function]}
                      variant="link"
                    >
                      <TrashIcon
                        color="currentColor"
                        noVerticalAlign={false}
                        size="sm"
                        title={null}
                      />
                    </Unknown>
                  </span>
                }
              />,
            },
          ],
        },
        Object {
          "cells": Array [
            Object {
              "title": <EditableComponent
                editor={
                  <ForwardRef
                    aria-label="Name"
                    defaultValue="Employee 2"
                    name="name"
                    onChange={[Function]}
                  />
                }
                isEditing={false}
                viewer={
                  <span
                    style={
                      Object {
                        "display": "grid",
                        "gridTemplateColumns": "max-content min-content",
                      }
                    }
                  >
                    <Text>
                      Employee 2
                    </Text>
                    <Unknown
                      onClick={[Function]}
                      variant="link"
                    >
                      <ArrowIcon
                        color="currentColor"
                        noVerticalAlign={false}
                        size="sm"
                        title={null}
                      />
                    </Unknown>
                  </span>
                }
              />,
            },
            Object {
              "title": <EditableComponent
                editor={
                  <StatefulTypeaheadSelectInput
                    emptyText="Trans(i18nKey=selectAContract)"
                    onChange={[Function]}
                    optionToStringMap={[Function]}
                    options={
                      Array [
                        Object {
                          "id": 0,
                          "maximumMinutesPerDay": null,
                          "maximumMinutesPerMonth": null,
                          "maximumMinutesPerWeek": null,
                          "maximumMinutesPerYear": null,
                          "name": "Contract 1",
                          "tenantId": 0,
                          "version": 0,
                        },
                        Object {
                          "id": 1,
                          "maximumMinutesPerDay": null,
                          "maximumMinutesPerMonth": null,
                          "maximumMinutesPerWeek": null,
                          "maximumMinutesPerYear": null,
                          "name": "Contract 2",
                          "tenantId": 0,
                          "version": 0,
                        },
                      ]
                    }
                    value={
                      Object {
                        "id": 1,
                        "maximumMinutesPerDay": null,
                        "maximumMinutesPerMonth": null,
                        "maximumMinutesPerWeek": null,
                        "maximumMinutesPerYear": null,
                        "name": "Contract 2",
                        "tenantId": 0,
                        "version": 0,
                      }
                    }
                  />
                }
                isEditing={false}
                viewer={
                  <Text>
                    Contract 2
                  </Text>
                }
              />,
            },
            Object {
              "title": <EditableComponent
                editor={
                  <StatefulMultiTypeaheadSelectInput
                    emptyText="Trans(i18nKey=selectSkillProficiencies)"
                    onChange={[Function]}
                    optionToStringMap={[Function]}
                    options={
                      Array [
                        Object {
                          "name": "Skill 1",
                          "tenantId": 0,
                        },
                        Object {
                          "name": "Skill 2",
                          "tenantId": 0,
                        },
                      ]
                    }
                    value={
                      Array [
                        Object {
                          "name": "Skill 1",
                          "tenantId": 0,
                        },
                        Object {
                          "name": "Skill 2",
                          "tenantId": 0,
                        },
                      ]
                    }
                  />
                }
                isEditing={false}
                viewer={
                  <ChipGroup
                    className=""
                    collapsedText="\${remaining} more"
                    defaultIsOpen={false}
                    expandedText="Show Less"
                    numChips={3}
                    withToolbar={false}
                  >
                    <Unknown
                      isReadOnly={true}
                    >
                      Skill 1
                    </Unknown>
                    <Unknown
                      isReadOnly={true}
                    >
                      Skill 2
                    </Unknown>
                  </ChipGroup>
                }
              />,
            },
            Object {
              "title": <EditableComponent
                editor={
                  <StatefulTypeaheadSelectInput
                    emptyText="Trans(i18nKey=enterCovidRisk)"
                    onChange={[Function]}
                    optionToStringMap={[Function]}
                    options={
                      Array [
                        "INOCULATED",
                        "LOW",
                        "MODERATE",
                        "HIGH",
                        "EXTREME",
                      ]
                    }
                    value="INOCULATED"
                    valueComponent={[Function]}
                  />
                }
                isEditing={false}
                viewer={
                  <span>
                    <span>
                      <img
                        alt=""
                        height={30}
                        src="/assets/images/inoculated.svg"
                        style={
                          Object {
                            "backgroundImage": "radial-gradient(circle, white 0%, #eeeeec 90%, transparent 95%)",
                            "borderRadius": "50%",
                            "height": 30,
                            "maxHeight": 30,
                            "maxWidth": 30,
                            "padding": "2px",
                            "width": 30,
                          }
                        }
                        width={30}
                      />
                    </span>
                    <Text>
                      Trans(i18nKey=CovidRisk.INOCULATED)
                    </Text>
                  </span>
                }
              />,
            },
            Object {
              "title": <EditableComponent
                editor={
                  <span
                    style={
                      Object {
                        "display": "grid",
                        "gridColumnGap": "5px",
                        "gridTemplateColumns": "1fr auto auto",
                      }
                    }
                  >
                    <span />
                    <Unknown
                      aria-label="Save"
                      onClick={[Function]}
                      variant="link"
                    >
                      <SaveIcon
                        color="currentColor"
                        noVerticalAlign={false}
                        size="sm"
                        title={null}
                      />
                    </Unknown>
                    <Unknown
                      aria-label="Cancel"
                      onClick={[Function]}
                      variant="link"
                    >
                      <CloseIcon
                        color="currentColor"
                        noVerticalAlign={false}
                        size="sm"
                        title={null}
                      />
                    </Unknown>
                  </span>
                }
                isEditing={false}
                viewer={
                  <span
                    style={
                      Object {
                        "display": "grid",
                        "gridColumnGap": "5px",
                        "gridTemplateColumns": "1fr auto auto",
                      }
                    }
                  >
                    <span />
                    <Unknown
                      aria-label="Edit"
                      onClick={[Function]}
                      variant="link"
                    >
                      <EditIcon
                        color="currentColor"
                        noVerticalAlign={false}
                        size="sm"
                        title={null}
                      />
                    </Unknown>
                    <Unknown
                      aria-label="Delete"
                      onClick={[Function]}
                      variant="link"
                    >
                      <TrashIcon
                        color="currentColor"
                        noVerticalAlign={false}
                        size="sm"
                        title={null}
                      />
                    </Unknown>
                  </span>
                }
              />,
            },
          ],
        },
      ]
    }
    sortBy={Object {}}
  >
    <TableHeader />
    <TableBody />
  </Component>
</div>
`;

exports[`Employees page should render correctly with no employees 1`] = `
<EmptyState
  variant="full"
>
  <div>
    <FileUpload
      dropzoneProps={
        Object {
          "accept": ".xlsx",
        }
      }
      id="file"
      name="file"
      onChange={[Function]}
    />
  </div>
  <EmptyStateIcon
    icon={[Function]}
  />
  <Trans
    components={
      Array [
        <Title
          headingLevel="h5"
          size="lg"
        />,
        <EmptyStateBody />,
        <Unknown
          aria-label="Contracts Page"
          onClick={[Function]}
          variant="primary"
        />,
      ]
    }
    i18nKey="noContracts"
    t={[MockFunction]}
  />
</EmptyState>
`;

exports[`Employees page should render the editor correctly 1`] = `
<tr>
  <td
    key="0"
  >
    <ForwardRef
      aria-label="Name"
      defaultValue="Employee 2"
      key="0"
      name="name"
      onChange={[Function]}
    />
  </td>
  <td
    key="1"
  >
    <StatefulTypeaheadSelectInput
      emptyText="Trans(i18nKey=selectAContract)"
      key="1"
      onChange={[Function]}
      optionToStringMap={[Function]}
      options={
        Array [
          Object {
            "id": 0,
            "maximumMinutesPerDay": null,
            "maximumMinutesPerMonth": null,
            "maximumMinutesPerWeek": null,
            "maximumMinutesPerYear": null,
            "name": "Contract 1",
            "tenantId": 0,
            "version": 0,
          },
          Object {
            "id": 1,
            "maximumMinutesPerDay": null,
            "maximumMinutesPerMonth": null,
            "maximumMinutesPerWeek": null,
            "maximumMinutesPerYear": null,
            "name": "Contract 2",
            "tenantId": 0,
            "version": 0,
          },
        ]
      }
      value={
        Object {
          "id": 1,
          "maximumMinutesPerDay": null,
          "maximumMinutesPerMonth": null,
          "maximumMinutesPerWeek": null,
          "maximumMinutesPerYear": null,
          "name": "Contract 2",
          "tenantId": 0,
          "version": 0,
        }
      }
    />
  </td>
  <td
    key="2"
  >
    <StatefulMultiTypeaheadSelectInput
      emptyText="Trans(i18nKey=selectSkillProficiencies)"
      key="2"
      onChange={[Function]}
      optionToStringMap={[Function]}
      options={
        Array [
          Object {
            "name": "Skill 1",
            "tenantId": 0,
          },
          Object {
            "name": "Skill 2",
            "tenantId": 0,
          },
        ]
      }
      value={
        Array [
          Object {
            "name": "Skill 1",
            "tenantId": 0,
          },
          Object {
            "name": "Skill 2",
            "tenantId": 0,
          },
        ]
      }
    />
  </td>
  <td
    key="3"
  >
    <StatefulTypeaheadSelectInput
      emptyText="Trans(i18nKey=enterCovidRisk)"
      key="3"
      onChange={[Function]}
      optionToStringMap={[Function]}
      options={
        Array [
          "INOCULATED",
          "LOW",
          "MODERATE",
          "HIGH",
          "EXTREME",
        ]
      }
      value="INOCULATED"
      valueComponent={[Function]}
    />
  </td>
</tr>
`;

exports[`Employees page should render the viewer correctly 1`] = `
<tr>
  <td
    key="0"
  >
    <span
      style={
        Object {
          "display": "grid",
          "gridTemplateColumns": "max-content min-content",
        }
      }
    >
      <Text
        key="0"
      >
        Employee 2
      </Text>
      <Component
        onClick={[Function]}
        variant="link"
      >
        <ArrowIcon
          color="currentColor"
          noVerticalAlign={false}
          size="sm"
          title={null}
        />
      </Component>
    </span>
  </td>
  <td
    key="1"
  >
    <Text
      key="1"
    >
      Contract 2
    </Text>
  </td>
  <td
    key="2"
  >
    <ChipGroup
      className=""
      collapsedText="\${remaining} more"
      defaultIsOpen={false}
      expandedText="Show Less"
      key="2"
      numChips={3}
      withToolbar={false}
    >
      <Component
        isReadOnly={true}
        key="Skill 1"
      >
        Skill 1
      </Component>
      <Component
        isReadOnly={true}
        key="Skill 2"
      >
        Skill 2
      </Component>
    </ChipGroup>
  </td>
  <td
    key="3"
  >
    <span>
      <span>
        <img
          alt=""
          height={30}
          src="/assets/images/inoculated.svg"
          style={
            Object {
              "backgroundImage": "radial-gradient(circle, white 0%, #eeeeec 90%, transparent 95%)",
              "borderRadius": "50%",
              "height": 30,
              "maxHeight": 30,
              "maxWidth": 30,
              "padding": "2px",
              "width": 30,
            }
          }
          width={30}
        />
      </span>
      <Text
        key="3"
      >
        Trans(i18nKey=CovidRisk.INOCULATED)
      </Text>
    </span>
  </td>
</tr>
`;
