// Jest Snapshot v1, https://goo.gl/fbAQLP

exports[`Admin Page should close the modal when the modal is closed 1`] = `
<Fragment>
  <Component
    aria-label="Reset Application"
    data-cy="reset-application"
    onClick={[Function]}
    style={
      Object {
        "width": "min-content",
      }
    }
    variant="danger"
  >
    Trans(i18nKey=resetApplication)
  </Component>
  <ConfirmDialog
    isOpen={false}
    onClose={[Function]}
    onConfirm={[Function]}
    title="Trans(i18nKey=confirmResetTitle)"
  >
    Trans(i18nKey=confirmResetBody)
  </ConfirmDialog>
  <Level
    gutter="sm"
    style={
      Object {
        "backgroundColor": "var(--pf-global--BackgroundColor--200)",
        "padding": "5px 5px 5px 5px",
      }
    }
  >
    <LevelItem>
      <FilterComponent
        aria-label="Filter by Name"
        filterText=""
        onChange={[Function]}
      />
    </LevelItem>
    <LevelItem
      style={
        Object {
          "display": "flex",
        }
      }
    >
      <Component
        aria-label="Add Tenant"
        data-cy="add-tenant"
        onClick={[Function]}
      >
        Trans(i18nKey=add)
      </Component>
      <Component
        aria-label="Change Page"
        itemCount={2}
        onPerPageSelect={[Function]}
        onSetPage={[Function]}
        page={1}
        perPage={10}
        widgetId="pagination-options-menu-top"
      />
    </LevelItem>
  </Level>
  <Connect(NewTenantFormModal)
    aria-label="Add Tenant Modal"
    isOpen={false}
    onClose={[Function]}
  />
  <Component
    caption="Trans(i18nKey=tenants)"
    cells={
      Array [
        "Trans(i18nKey=name)",
        "",
      ]
    }
    rows={
      Array [
        Object {
          "cells": Array [
            <td>
              <Text>
                Tenant 1
              </Text>
            </td>,
            <td>
              <span
                style={
                  Object {
                    "display": "grid",
                    "gridColumnGap": "5px",
                    "gridTemplateColumns": "1fr auto",
                  }
                }
              >
                <span />
                <Unknown
                  onClick={[Function]}
                  variant="danger"
                >
                  <TrashIcon
                    color="currentColor"
                    noVerticalAlign={false}
                    size="sm"
                    title={null}
                  />
                </Unknown>
              </span>
            </td>,
          ],
        },
        Object {
          "cells": Array [
            <td>
              <Text>
                Tenant 2
              </Text>
            </td>,
            <td>
              <span
                style={
                  Object {
                    "display": "grid",
                    "gridColumnGap": "5px",
                    "gridTemplateColumns": "1fr auto",
                  }
                }
              >
                <span />
                <Unknown
                  onClick={[Function]}
                  variant="danger"
                >
                  <TrashIcon
                    color="currentColor"
                    noVerticalAlign={false}
                    size="sm"
                    title={null}
                  />
                </Unknown>
              </span>
            </td>,
          ],
        },
      ]
    }
  >
    <TableHeader />
    <TableBody />
  </Component>
</Fragment>
`;

exports[`Admin Page should display modal when the Add Tenant button is clicked 1`] = `
<Fragment>
  <Component
    aria-label="Reset Application"
    data-cy="reset-application"
    onClick={[Function]}
    style={
      Object {
        "width": "min-content",
      }
    }
    variant="danger"
  >
    Trans(i18nKey=resetApplication)
  </Component>
  <ConfirmDialog
    isOpen={false}
    onClose={[Function]}
    onConfirm={[Function]}
    title="Trans(i18nKey=confirmResetTitle)"
  >
    Trans(i18nKey=confirmResetBody)
  </ConfirmDialog>
  <Level
    gutter="sm"
    style={
      Object {
        "backgroundColor": "var(--pf-global--BackgroundColor--200)",
        "padding": "5px 5px 5px 5px",
      }
    }
  >
    <LevelItem>
      <FilterComponent
        aria-label="Filter by Name"
        filterText=""
        onChange={[Function]}
      />
    </LevelItem>
    <LevelItem
      style={
        Object {
          "display": "flex",
        }
      }
    >
      <Component
        aria-label="Add Tenant"
        data-cy="add-tenant"
        onClick={[Function]}
      >
        Trans(i18nKey=add)
      </Component>
      <Component
        aria-label="Change Page"
        itemCount={2}
        onPerPageSelect={[Function]}
        onSetPage={[Function]}
        page={1}
        perPage={10}
        widgetId="pagination-options-menu-top"
      />
    </LevelItem>
  </Level>
  <Connect(NewTenantFormModal)
    aria-label="Add Tenant Modal"
    isOpen={true}
    onClose={[Function]}
  />
  <Component
    caption="Trans(i18nKey=tenants)"
    cells={
      Array [
        "Trans(i18nKey=name)",
        "",
      ]
    }
    rows={
      Array [
        Object {
          "cells": Array [
            <td>
              <Text>
                Tenant 1
              </Text>
            </td>,
            <td>
              <span
                style={
                  Object {
                    "display": "grid",
                    "gridColumnGap": "5px",
                    "gridTemplateColumns": "1fr auto",
                  }
                }
              >
                <span />
                <Unknown
                  onClick={[Function]}
                  variant="danger"
                >
                  <TrashIcon
                    color="currentColor"
                    noVerticalAlign={false}
                    size="sm"
                    title={null}
                  />
                </Unknown>
              </span>
            </td>,
          ],
        },
        Object {
          "cells": Array [
            <td>
              <Text>
                Tenant 2
              </Text>
            </td>,
            <td>
              <span
                style={
                  Object {
                    "display": "grid",
                    "gridColumnGap": "5px",
                    "gridTemplateColumns": "1fr auto",
                  }
                }
              >
                <span />
                <Unknown
                  onClick={[Function]}
                  variant="danger"
                >
                  <TrashIcon
                    color="currentColor"
                    noVerticalAlign={false}
                    size="sm"
                    title={null}
                  />
                </Unknown>
              </span>
            </td>,
          ],
        },
      ]
    }
  >
    <TableHeader />
    <TableBody />
  </Component>
</Fragment>
`;

exports[`Admin Page should filter by name 1`] = `
<Fragment>
  <Component
    aria-label="Reset Application"
    data-cy="reset-application"
    onClick={[Function]}
    style={
      Object {
        "width": "min-content",
      }
    }
    variant="danger"
  >
    Trans(i18nKey=resetApplication)
  </Component>
  <ConfirmDialog
    isOpen={false}
    onClose={[Function]}
    onConfirm={[Function]}
    title="Trans(i18nKey=confirmResetTitle)"
  >
    Trans(i18nKey=confirmResetBody)
  </ConfirmDialog>
  <Level
    gutter="sm"
    style={
      Object {
        "backgroundColor": "var(--pf-global--BackgroundColor--200)",
        "padding": "5px 5px 5px 5px",
      }
    }
  >
    <LevelItem>
      <FilterComponent
        aria-label="Filter by Name"
        filterText="5"
        onChange={[Function]}
      />
    </LevelItem>
    <LevelItem
      style={
        Object {
          "display": "flex",
        }
      }
    >
      <Component
        aria-label="Add Tenant"
        data-cy="add-tenant"
        onClick={[Function]}
      >
        Trans(i18nKey=add)
      </Component>
      <Component
        aria-label="Change Page"
        itemCount={2}
        onPerPageSelect={[Function]}
        onSetPage={[Function]}
        page={1}
        perPage={10}
        widgetId="pagination-options-menu-top"
      />
    </LevelItem>
  </Level>
  <Connect(NewTenantFormModal)
    aria-label="Add Tenant Modal"
    isOpen={false}
    onClose={[Function]}
  />
  <Component
    caption="Trans(i18nKey=tenants)"
    cells={
      Array [
        "Trans(i18nKey=name)",
        "",
      ]
    }
    rows={
      Array [
        Object {
          "cells": Array [
            <td>
              <Text>
                Tenant 5
              </Text>
            </td>,
            <td>
              <span
                style={
                  Object {
                    "display": "grid",
                    "gridColumnGap": "5px",
                    "gridTemplateColumns": "1fr auto",
                  }
                }
              >
                <span />
                <Unknown
                  onClick={[Function]}
                  variant="danger"
                >
                  <TrashIcon
                    color="currentColor"
                    noVerticalAlign={false}
                    size="sm"
                    title={null}
                  />
                </Unknown>
              </span>
            </td>,
          ],
        },
        Object {
          "cells": Array [
            <td>
              <Text>
                Tenant 15
              </Text>
            </td>,
            <td>
              <span
                style={
                  Object {
                    "display": "grid",
                    "gridColumnGap": "5px",
                    "gridTemplateColumns": "1fr auto",
                  }
                }
              >
                <span />
                <Unknown
                  onClick={[Function]}
                  variant="danger"
                >
                  <TrashIcon
                    color="currentColor"
                    noVerticalAlign={false}
                    size="sm"
                    title={null}
                  />
                </Unknown>
              </span>
            </td>,
          ],
        },
      ]
    }
  >
    <TableHeader />
    <TableBody />
  </Component>
</Fragment>
`;

exports[`Admin Page should go to the correct page when the page is changed 1`] = `
<Fragment>
  <Component
    aria-label="Reset Application"
    data-cy="reset-application"
    onClick={[Function]}
    style={
      Object {
        "width": "min-content",
      }
    }
    variant="danger"
  >
    Trans(i18nKey=resetApplication)
  </Component>
  <ConfirmDialog
    isOpen={false}
    onClose={[Function]}
    onConfirm={[Function]}
    title="Trans(i18nKey=confirmResetTitle)"
  >
    Trans(i18nKey=confirmResetBody)
  </ConfirmDialog>
  <Level
    gutter="sm"
    style={
      Object {
        "backgroundColor": "var(--pf-global--BackgroundColor--200)",
        "padding": "5px 5px 5px 5px",
      }
    }
  >
    <LevelItem>
      <FilterComponent
        aria-label="Filter by Name"
        filterText=""
        onChange={[Function]}
      />
    </LevelItem>
    <LevelItem
      style={
        Object {
          "display": "flex",
        }
      }
    >
      <Component
        aria-label="Add Tenant"
        data-cy="add-tenant"
        onClick={[Function]}
      >
        Trans(i18nKey=add)
      </Component>
      <Component
        aria-label="Change Page"
        itemCount={20}
        onPerPageSelect={[Function]}
        onSetPage={[Function]}
        page={2}
        perPage={10}
        widgetId="pagination-options-menu-top"
      />
    </LevelItem>
  </Level>
  <Connect(NewTenantFormModal)
    aria-label="Add Tenant Modal"
    isOpen={false}
    onClose={[Function]}
  />
  <Component
    caption="Trans(i18nKey=tenants)"
    cells={
      Array [
        "Trans(i18nKey=name)",
        "",
      ]
    }
    rows={
      Array [
        Object {
          "cells": Array [
            <td>
              <Text>
                Tenant 11
              </Text>
            </td>,
            <td>
              <span
                style={
                  Object {
                    "display": "grid",
                    "gridColumnGap": "5px",
                    "gridTemplateColumns": "1fr auto",
                  }
                }
              >
                <span />
                <Unknown
                  onClick={[Function]}
                  variant="danger"
                >
                  <TrashIcon
                    color="currentColor"
                    noVerticalAlign={false}
                    size="sm"
                    title={null}
                  />
                </Unknown>
              </span>
            </td>,
          ],
        },
        Object {
          "cells": Array [
            <td>
              <Text>
                Tenant 12
              </Text>
            </td>,
            <td>
              <span
                style={
                  Object {
                    "display": "grid",
                    "gridColumnGap": "5px",
                    "gridTemplateColumns": "1fr auto",
                  }
                }
              >
                <span />
                <Unknown
                  onClick={[Function]}
                  variant="danger"
                >
                  <TrashIcon
                    color="currentColor"
                    noVerticalAlign={false}
                    size="sm"
                    title={null}
                  />
                </Unknown>
              </span>
            </td>,
          ],
        },
        Object {
          "cells": Array [
            <td>
              <Text>
                Tenant 13
              </Text>
            </td>,
            <td>
              <span
                style={
                  Object {
                    "display": "grid",
                    "gridColumnGap": "5px",
                    "gridTemplateColumns": "1fr auto",
                  }
                }
              >
                <span />
                <Unknown
                  onClick={[Function]}
                  variant="danger"
                >
                  <TrashIcon
                    color="currentColor"
                    noVerticalAlign={false}
                    size="sm"
                    title={null}
                  />
                </Unknown>
              </span>
            </td>,
          ],
        },
        Object {
          "cells": Array [
            <td>
              <Text>
                Tenant 14
              </Text>
            </td>,
            <td>
              <span
                style={
                  Object {
                    "display": "grid",
                    "gridColumnGap": "5px",
                    "gridTemplateColumns": "1fr auto",
                  }
                }
              >
                <span />
                <Unknown
                  onClick={[Function]}
                  variant="danger"
                >
                  <TrashIcon
                    color="currentColor"
                    noVerticalAlign={false}
                    size="sm"
                    title={null}
                  />
                </Unknown>
              </span>
            </td>,
          ],
        },
        Object {
          "cells": Array [
            <td>
              <Text>
                Tenant 15
              </Text>
            </td>,
            <td>
              <span
                style={
                  Object {
                    "display": "grid",
                    "gridColumnGap": "5px",
                    "gridTemplateColumns": "1fr auto",
                  }
                }
              >
                <span />
                <Unknown
                  onClick={[Function]}
                  variant="danger"
                >
                  <TrashIcon
                    color="currentColor"
                    noVerticalAlign={false}
                    size="sm"
                    title={null}
                  />
                </Unknown>
              </span>
            </td>,
          ],
        },
        Object {
          "cells": Array [
            <td>
              <Text>
                Tenant 16
              </Text>
            </td>,
            <td>
              <span
                style={
                  Object {
                    "display": "grid",
                    "gridColumnGap": "5px",
                    "gridTemplateColumns": "1fr auto",
                  }
                }
              >
                <span />
                <Unknown
                  onClick={[Function]}
                  variant="danger"
                >
                  <TrashIcon
                    color="currentColor"
                    noVerticalAlign={false}
                    size="sm"
                    title={null}
                  />
                </Unknown>
              </span>
            </td>,
          ],
        },
        Object {
          "cells": Array [
            <td>
              <Text>
                Tenant 17
              </Text>
            </td>,
            <td>
              <span
                style={
                  Object {
                    "display": "grid",
                    "gridColumnGap": "5px",
                    "gridTemplateColumns": "1fr auto",
                  }
                }
              >
                <span />
                <Unknown
                  onClick={[Function]}
                  variant="danger"
                >
                  <TrashIcon
                    color="currentColor"
                    noVerticalAlign={false}
                    size="sm"
                    title={null}
                  />
                </Unknown>
              </span>
            </td>,
          ],
        },
        Object {
          "cells": Array [
            <td>
              <Text>
                Tenant 18
              </Text>
            </td>,
            <td>
              <span
                style={
                  Object {
                    "display": "grid",
                    "gridColumnGap": "5px",
                    "gridTemplateColumns": "1fr auto",
                  }
                }
              >
                <span />
                <Unknown
                  onClick={[Function]}
                  variant="danger"
                >
                  <TrashIcon
                    color="currentColor"
                    noVerticalAlign={false}
                    size="sm"
                    title={null}
                  />
                </Unknown>
              </span>
            </td>,
          ],
        },
        Object {
          "cells": Array [
            <td>
              <Text>
                Tenant 19
              </Text>
            </td>,
            <td>
              <span
                style={
                  Object {
                    "display": "grid",
                    "gridColumnGap": "5px",
                    "gridTemplateColumns": "1fr auto",
                  }
                }
              >
                <span />
                <Unknown
                  onClick={[Function]}
                  variant="danger"
                >
                  <TrashIcon
                    color="currentColor"
                    noVerticalAlign={false}
                    size="sm"
                    title={null}
                  />
                </Unknown>
              </span>
            </td>,
          ],
        },
        Object {
          "cells": Array [
            <td>
              <Text>
                Tenant 20
              </Text>
            </td>,
            <td>
              <span
                style={
                  Object {
                    "display": "grid",
                    "gridColumnGap": "5px",
                    "gridTemplateColumns": "1fr auto",
                  }
                }
              >
                <span />
                <Unknown
                  onClick={[Function]}
                  variant="danger"
                >
                  <TrashIcon
                    color="currentColor"
                    noVerticalAlign={false}
                    size="sm"
                    title={null}
                  />
                </Unknown>
              </span>
            </td>,
          ],
        },
      ]
    }
  >
    <TableHeader />
    <TableBody />
  </Component>
</Fragment>
`;

exports[`Admin Page should render correctly with 2 tenants 1`] = `
<Fragment>
  <Component
    aria-label="Reset Application"
    data-cy="reset-application"
    onClick={[Function]}
    style={
      Object {
        "width": "min-content",
      }
    }
    variant="danger"
  >
    Trans(i18nKey=resetApplication)
  </Component>
  <ConfirmDialog
    isOpen={false}
    onClose={[Function]}
    onConfirm={[Function]}
    title="Trans(i18nKey=confirmResetTitle)"
  >
    Trans(i18nKey=confirmResetBody)
  </ConfirmDialog>
  <Level
    gutter="sm"
    style={
      Object {
        "backgroundColor": "var(--pf-global--BackgroundColor--200)",
        "padding": "5px 5px 5px 5px",
      }
    }
  >
    <LevelItem>
      <FilterComponent
        aria-label="Filter by Name"
        filterText=""
        onChange={[Function]}
      />
    </LevelItem>
    <LevelItem
      style={
        Object {
          "display": "flex",
        }
      }
    >
      <Component
        aria-label="Add Tenant"
        data-cy="add-tenant"
        onClick={[Function]}
      >
        Trans(i18nKey=add)
      </Component>
      <Component
        aria-label="Change Page"
        itemCount={2}
        onPerPageSelect={[Function]}
        onSetPage={[Function]}
        page={1}
        perPage={10}
        widgetId="pagination-options-menu-top"
      />
    </LevelItem>
  </Level>
  <Connect(NewTenantFormModal)
    aria-label="Add Tenant Modal"
    isOpen={false}
    onClose={[Function]}
  />
  <Component
    caption="Trans(i18nKey=tenants)"
    cells={
      Array [
        "Trans(i18nKey=name)",
        "",
      ]
    }
    rows={
      Array [
        Object {
          "cells": Array [
            <td>
              <Text>
                Tenant 1
              </Text>
            </td>,
            <td>
              <span
                style={
                  Object {
                    "display": "grid",
                    "gridColumnGap": "5px",
                    "gridTemplateColumns": "1fr auto",
                  }
                }
              >
                <span />
                <Unknown
                  onClick={[Function]}
                  variant="danger"
                >
                  <TrashIcon
                    color="currentColor"
                    noVerticalAlign={false}
                    size="sm"
                    title={null}
                  />
                </Unknown>
              </span>
            </td>,
          ],
        },
        Object {
          "cells": Array [
            <td>
              <Text>
                Tenant 2
              </Text>
            </td>,
            <td>
              <span
                style={
                  Object {
                    "display": "grid",
                    "gridColumnGap": "5px",
                    "gridTemplateColumns": "1fr auto",
                  }
                }
              >
                <span />
                <Unknown
                  onClick={[Function]}
                  variant="danger"
                >
                  <TrashIcon
                    color="currentColor"
                    noVerticalAlign={false}
                    size="sm"
                    title={null}
                  />
                </Unknown>
              </span>
            </td>,
          ],
        },
      ]
    }
  >
    <TableHeader />
    <TableBody />
  </Component>
</Fragment>
`;

exports[`Admin Page should render correctly with many tenants 1`] = `
<Fragment>
  <Component
    aria-label="Reset Application"
    data-cy="reset-application"
    onClick={[Function]}
    style={
      Object {
        "width": "min-content",
      }
    }
    variant="danger"
  >
    Trans(i18nKey=resetApplication)
  </Component>
  <ConfirmDialog
    isOpen={false}
    onClose={[Function]}
    onConfirm={[Function]}
    title="Trans(i18nKey=confirmResetTitle)"
  >
    Trans(i18nKey=confirmResetBody)
  </ConfirmDialog>
  <Level
    gutter="sm"
    style={
      Object {
        "backgroundColor": "var(--pf-global--BackgroundColor--200)",
        "padding": "5px 5px 5px 5px",
      }
    }
  >
    <LevelItem>
      <FilterComponent
        aria-label="Filter by Name"
        filterText=""
        onChange={[Function]}
      />
    </LevelItem>
    <LevelItem
      style={
        Object {
          "display": "flex",
        }
      }
    >
      <Component
        aria-label="Add Tenant"
        data-cy="add-tenant"
        onClick={[Function]}
      >
        Trans(i18nKey=add)
      </Component>
      <Component
        aria-label="Change Page"
        itemCount={20}
        onPerPageSelect={[Function]}
        onSetPage={[Function]}
        page={1}
        perPage={10}
        widgetId="pagination-options-menu-top"
      />
    </LevelItem>
  </Level>
  <Connect(NewTenantFormModal)
    aria-label="Add Tenant Modal"
    isOpen={false}
    onClose={[Function]}
  />
  <Component
    caption="Trans(i18nKey=tenants)"
    cells={
      Array [
        "Trans(i18nKey=name)",
        "",
      ]
    }
    rows={
      Array [
        Object {
          "cells": Array [
            <td>
              <Text>
                Tenant 1
              </Text>
            </td>,
            <td>
              <span
                style={
                  Object {
                    "display": "grid",
                    "gridColumnGap": "5px",
                    "gridTemplateColumns": "1fr auto",
                  }
                }
              >
                <span />
                <Unknown
                  onClick={[Function]}
                  variant="danger"
                >
                  <TrashIcon
                    color="currentColor"
                    noVerticalAlign={false}
                    size="sm"
                    title={null}
                  />
                </Unknown>
              </span>
            </td>,
          ],
        },
        Object {
          "cells": Array [
            <td>
              <Text>
                Tenant 2
              </Text>
            </td>,
            <td>
              <span
                style={
                  Object {
                    "display": "grid",
                    "gridColumnGap": "5px",
                    "gridTemplateColumns": "1fr auto",
                  }
                }
              >
                <span />
                <Unknown
                  onClick={[Function]}
                  variant="danger"
                >
                  <TrashIcon
                    color="currentColor"
                    noVerticalAlign={false}
                    size="sm"
                    title={null}
                  />
                </Unknown>
              </span>
            </td>,
          ],
        },
        Object {
          "cells": Array [
            <td>
              <Text>
                Tenant 3
              </Text>
            </td>,
            <td>
              <span
                style={
                  Object {
                    "display": "grid",
                    "gridColumnGap": "5px",
                    "gridTemplateColumns": "1fr auto",
                  }
                }
              >
                <span />
                <Unknown
                  onClick={[Function]}
                  variant="danger"
                >
                  <TrashIcon
                    color="currentColor"
                    noVerticalAlign={false}
                    size="sm"
                    title={null}
                  />
                </Unknown>
              </span>
            </td>,
          ],
        },
        Object {
          "cells": Array [
            <td>
              <Text>
                Tenant 4
              </Text>
            </td>,
            <td>
              <span
                style={
                  Object {
                    "display": "grid",
                    "gridColumnGap": "5px",
                    "gridTemplateColumns": "1fr auto",
                  }
                }
              >
                <span />
                <Unknown
                  onClick={[Function]}
                  variant="danger"
                >
                  <TrashIcon
                    color="currentColor"
                    noVerticalAlign={false}
                    size="sm"
                    title={null}
                  />
                </Unknown>
              </span>
            </td>,
          ],
        },
        Object {
          "cells": Array [
            <td>
              <Text>
                Tenant 5
              </Text>
            </td>,
            <td>
              <span
                style={
                  Object {
                    "display": "grid",
                    "gridColumnGap": "5px",
                    "gridTemplateColumns": "1fr auto",
                  }
                }
              >
                <span />
                <Unknown
                  onClick={[Function]}
                  variant="danger"
                >
                  <TrashIcon
                    color="currentColor"
                    noVerticalAlign={false}
                    size="sm"
                    title={null}
                  />
                </Unknown>
              </span>
            </td>,
          ],
        },
        Object {
          "cells": Array [
            <td>
              <Text>
                Tenant 6
              </Text>
            </td>,
            <td>
              <span
                style={
                  Object {
                    "display": "grid",
                    "gridColumnGap": "5px",
                    "gridTemplateColumns": "1fr auto",
                  }
                }
              >
                <span />
                <Unknown
                  onClick={[Function]}
                  variant="danger"
                >
                  <TrashIcon
                    color="currentColor"
                    noVerticalAlign={false}
                    size="sm"
                    title={null}
                  />
                </Unknown>
              </span>
            </td>,
          ],
        },
        Object {
          "cells": Array [
            <td>
              <Text>
                Tenant 7
              </Text>
            </td>,
            <td>
              <span
                style={
                  Object {
                    "display": "grid",
                    "gridColumnGap": "5px",
                    "gridTemplateColumns": "1fr auto",
                  }
                }
              >
                <span />
                <Unknown
                  onClick={[Function]}
                  variant="danger"
                >
                  <TrashIcon
                    color="currentColor"
                    noVerticalAlign={false}
                    size="sm"
                    title={null}
                  />
                </Unknown>
              </span>
            </td>,
          ],
        },
        Object {
          "cells": Array [
            <td>
              <Text>
                Tenant 8
              </Text>
            </td>,
            <td>
              <span
                style={
                  Object {
                    "display": "grid",
                    "gridColumnGap": "5px",
                    "gridTemplateColumns": "1fr auto",
                  }
                }
              >
                <span />
                <Unknown
                  onClick={[Function]}
                  variant="danger"
                >
                  <TrashIcon
                    color="currentColor"
                    noVerticalAlign={false}
                    size="sm"
                    title={null}
                  />
                </Unknown>
              </span>
            </td>,
          ],
        },
        Object {
          "cells": Array [
            <td>
              <Text>
                Tenant 9
              </Text>
            </td>,
            <td>
              <span
                style={
                  Object {
                    "display": "grid",
                    "gridColumnGap": "5px",
                    "gridTemplateColumns": "1fr auto",
                  }
                }
              >
                <span />
                <Unknown
                  onClick={[Function]}
                  variant="danger"
                >
                  <TrashIcon
                    color="currentColor"
                    noVerticalAlign={false}
                    size="sm"
                    title={null}
                  />
                </Unknown>
              </span>
            </td>,
          ],
        },
        Object {
          "cells": Array [
            <td>
              <Text>
                Tenant 10
              </Text>
            </td>,
            <td>
              <span
                style={
                  Object {
                    "display": "grid",
                    "gridColumnGap": "5px",
                    "gridTemplateColumns": "1fr auto",
                  }
                }
              >
                <span />
                <Unknown
                  onClick={[Function]}
                  variant="danger"
                >
                  <TrashIcon
                    color="currentColor"
                    noVerticalAlign={false}
                    size="sm"
                    title={null}
                  />
                </Unknown>
              </span>
            </td>,
          ],
        },
      ]
    }
  >
    <TableHeader />
    <TableBody />
  </Component>
</Fragment>
`;

exports[`Admin Page should render correctly with no tenants 1`] = `
<Fragment>
  <Component
    aria-label="Reset Application"
    data-cy="reset-application"
    onClick={[Function]}
    style={
      Object {
        "width": "min-content",
      }
    }
    variant="danger"
  >
    Trans(i18nKey=resetApplication)
  </Component>
  <ConfirmDialog
    isOpen={false}
    onClose={[Function]}
    onConfirm={[Function]}
    title="Trans(i18nKey=confirmResetTitle)"
  >
    Trans(i18nKey=confirmResetBody)
  </ConfirmDialog>
  <Level
    gutter="sm"
    style={
      Object {
        "backgroundColor": "var(--pf-global--BackgroundColor--200)",
        "padding": "5px 5px 5px 5px",
      }
    }
  >
    <LevelItem>
      <FilterComponent
        aria-label="Filter by Name"
        filterText=""
        onChange={[Function]}
      />
    </LevelItem>
    <LevelItem
      style={
        Object {
          "display": "flex",
        }
      }
    >
      <Component
        aria-label="Add Tenant"
        data-cy="add-tenant"
        onClick={[Function]}
      >
        Trans(i18nKey=add)
      </Component>
      <Component
        aria-label="Change Page"
        itemCount={0}
        onPerPageSelect={[Function]}
        onSetPage={[Function]}
        page={1}
        perPage={10}
        widgetId="pagination-options-menu-top"
      />
    </LevelItem>
  </Level>
  <Connect(NewTenantFormModal)
    aria-label="Add Tenant Modal"
    isOpen={false}
    onClose={[Function]}
  />
  <Component
    caption="Trans(i18nKey=tenants)"
    cells={
      Array [
        "Trans(i18nKey=name)",
        "",
      ]
    }
    rows={Array []}
  >
    <TableHeader />
    <TableBody />
  </Component>
</Fragment>
`;

exports[`Admin Page should show confirm dialog when the reset button is clicked 1`] = `
<Fragment>
  <Component
    aria-label="Reset Application"
    data-cy="reset-application"
    onClick={[Function]}
    style={
      Object {
        "width": "min-content",
      }
    }
    variant="danger"
  >
    Trans(i18nKey=resetApplication)
  </Component>
  <ConfirmDialog
    isOpen={true}
    onClose={[Function]}
    onConfirm={[Function]}
    title="Trans(i18nKey=confirmResetTitle)"
  >
    Trans(i18nKey=confirmResetBody)
  </ConfirmDialog>
  <Level
    gutter="sm"
    style={
      Object {
        "backgroundColor": "var(--pf-global--BackgroundColor--200)",
        "padding": "5px 5px 5px 5px",
      }
    }
  >
    <LevelItem>
      <FilterComponent
        aria-label="Filter by Name"
        filterText=""
        onChange={[Function]}
      />
    </LevelItem>
    <LevelItem
      style={
        Object {
          "display": "flex",
        }
      }
    >
      <Component
        aria-label="Add Tenant"
        data-cy="add-tenant"
        onClick={[Function]}
      >
        Trans(i18nKey=add)
      </Component>
      <Component
        aria-label="Change Page"
        itemCount={2}
        onPerPageSelect={[Function]}
        onSetPage={[Function]}
        page={1}
        perPage={10}
        widgetId="pagination-options-menu-top"
      />
    </LevelItem>
  </Level>
  <Connect(NewTenantFormModal)
    aria-label="Add Tenant Modal"
    isOpen={false}
    onClose={[Function]}
  />
  <Component
    caption="Trans(i18nKey=tenants)"
    cells={
      Array [
        "Trans(i18nKey=name)",
        "",
      ]
    }
    rows={
      Array [
        Object {
          "cells": Array [
            <td>
              <Text>
                Tenant 1
              </Text>
            </td>,
            <td>
              <span
                style={
                  Object {
                    "display": "grid",
                    "gridColumnGap": "5px",
                    "gridTemplateColumns": "1fr auto",
                  }
                }
              >
                <span />
                <Unknown
                  onClick={[Function]}
                  variant="danger"
                >
                  <TrashIcon
                    color="currentColor"
                    noVerticalAlign={false}
                    size="sm"
                    title={null}
                  />
                </Unknown>
              </span>
            </td>,
          ],
        },
        Object {
          "cells": Array [
            <td>
              <Text>
                Tenant 2
              </Text>
            </td>,
            <td>
              <span
                style={
                  Object {
                    "display": "grid",
                    "gridColumnGap": "5px",
                    "gridTemplateColumns": "1fr auto",
                  }
                }
              >
                <span />
                <Unknown
                  onClick={[Function]}
                  variant="danger"
                >
                  <TrashIcon
                    color="currentColor"
                    noVerticalAlign={false}
                    size="sm"
                    title={null}
                  />
                </Unknown>
              </span>
            </td>,
          ],
        },
      ]
    }
  >
    <TableHeader />
    <TableBody />
  </Component>
</Fragment>
`;

exports[`Admin Page should show the desired number of tenants per page 1`] = `
<Fragment>
  <Component
    aria-label="Reset Application"
    data-cy="reset-application"
    onClick={[Function]}
    style={
      Object {
        "width": "min-content",
      }
    }
    variant="danger"
  >
    Trans(i18nKey=resetApplication)
  </Component>
  <ConfirmDialog
    isOpen={false}
    onClose={[Function]}
    onConfirm={[Function]}
    title="Trans(i18nKey=confirmResetTitle)"
  >
    Trans(i18nKey=confirmResetBody)
  </ConfirmDialog>
  <Level
    gutter="sm"
    style={
      Object {
        "backgroundColor": "var(--pf-global--BackgroundColor--200)",
        "padding": "5px 5px 5px 5px",
      }
    }
  >
    <LevelItem>
      <FilterComponent
        aria-label="Filter by Name"
        filterText=""
        onChange={[Function]}
      />
    </LevelItem>
    <LevelItem
      style={
        Object {
          "display": "flex",
        }
      }
    >
      <Component
        aria-label="Add Tenant"
        data-cy="add-tenant"
        onClick={[Function]}
      >
        Trans(i18nKey=add)
      </Component>
      <Component
        aria-label="Change Page"
        itemCount={20}
        onPerPageSelect={[Function]}
        onSetPage={[Function]}
        page={1}
        perPage={5}
        widgetId="pagination-options-menu-top"
      />
    </LevelItem>
  </Level>
  <Connect(NewTenantFormModal)
    aria-label="Add Tenant Modal"
    isOpen={false}
    onClose={[Function]}
  />
  <Component
    caption="Trans(i18nKey=tenants)"
    cells={
      Array [
        "Trans(i18nKey=name)",
        "",
      ]
    }
    rows={
      Array [
        Object {
          "cells": Array [
            <td>
              <Text>
                Tenant 1
              </Text>
            </td>,
            <td>
              <span
                style={
                  Object {
                    "display": "grid",
                    "gridColumnGap": "5px",
                    "gridTemplateColumns": "1fr auto",
                  }
                }
              >
                <span />
                <Unknown
                  onClick={[Function]}
                  variant="danger"
                >
                  <TrashIcon
                    color="currentColor"
                    noVerticalAlign={false}
                    size="sm"
                    title={null}
                  />
                </Unknown>
              </span>
            </td>,
          ],
        },
        Object {
          "cells": Array [
            <td>
              <Text>
                Tenant 2
              </Text>
            </td>,
            <td>
              <span
                style={
                  Object {
                    "display": "grid",
                    "gridColumnGap": "5px",
                    "gridTemplateColumns": "1fr auto",
                  }
                }
              >
                <span />
                <Unknown
                  onClick={[Function]}
                  variant="danger"
                >
                  <TrashIcon
                    color="currentColor"
                    noVerticalAlign={false}
                    size="sm"
                    title={null}
                  />
                </Unknown>
              </span>
            </td>,
          ],
        },
        Object {
          "cells": Array [
            <td>
              <Text>
                Tenant 3
              </Text>
            </td>,
            <td>
              <span
                style={
                  Object {
                    "display": "grid",
                    "gridColumnGap": "5px",
                    "gridTemplateColumns": "1fr auto",
                  }
                }
              >
                <span />
                <Unknown
                  onClick={[Function]}
                  variant="danger"
                >
                  <TrashIcon
                    color="currentColor"
                    noVerticalAlign={false}
                    size="sm"
                    title={null}
                  />
                </Unknown>
              </span>
            </td>,
          ],
        },
        Object {
          "cells": Array [
            <td>
              <Text>
                Tenant 4
              </Text>
            </td>,
            <td>
              <span
                style={
                  Object {
                    "display": "grid",
                    "gridColumnGap": "5px",
                    "gridTemplateColumns": "1fr auto",
                  }
                }
              >
                <span />
                <Unknown
                  onClick={[Function]}
                  variant="danger"
                >
                  <TrashIcon
                    color="currentColor"
                    noVerticalAlign={false}
                    size="sm"
                    title={null}
                  />
                </Unknown>
              </span>
            </td>,
          ],
        },
        Object {
          "cells": Array [
            <td>
              <Text>
                Tenant 5
              </Text>
            </td>,
            <td>
              <span
                style={
                  Object {
                    "display": "grid",
                    "gridColumnGap": "5px",
                    "gridTemplateColumns": "1fr auto",
                  }
                }
              >
                <span />
                <Unknown
                  onClick={[Function]}
                  variant="danger"
                >
                  <TrashIcon
                    color="currentColor"
                    noVerticalAlign={false}
                    size="sm"
                    title={null}
                  />
                </Unknown>
              </span>
            </td>,
          ],
        },
      ]
    }
  >
    <TableHeader />
    <TableBody />
  </Component>
</Fragment>
`;
