// Jest Snapshot v1, https://goo.gl/fbAQLP

exports[`MultiTypeaheadSelectInput component should render correctly 1`] = `
<div
  style={
    Object {
      "position": "relative",
      "width": "17em",
    }
  }
>
  <StateManager
    aria-label="Enter some data"
    defaultInputValue=""
    defaultMenuIsOpen={false}
    defaultValue={Array []}
    getOptionLabel={[Function]}
    getOptionValue={[Function]}
    isMulti={true}
    menuPortalTarget={<body />}
    onChange={[Function]}
    options={
      Array [
        Object {
          "value": Object {
            "name": "Option 1",
          },
        },
        Object {
          "value": Object {
            "name": "Option 2",
          },
        },
        Object {
          "value": Object {
            "name": "Option 3",
          },
        },
      ]
    }
    placeholder="Enter some data"
    selected={Array []}
    styles={
      Object {
        "menuPortal": [Function],
      }
    }
    value={Array []}
  />
</div>
`;
