// Jest Snapshot v1, https://goo.gl/fbAQLP

exports[`OptionalInput component should render correctly 1`] = `
<span>
  <ForwardRef
    aria-label="data"
    defaultValue="Some name"
    isDisabled={false}
    onChange={[Function]}
  />
  <Component
    aria-label="Enabled"
    id="uuid-8"
    isChecked={true}
    onChange={[Function]}
  />
</span>
`;
